evil: selected layer=14 (coef 2.0, gpt_trait_mean=50.96)
    L14 c1.0: 5.815281038016004
    L14 c1.5: 23.315231790515753
    L14 c2.0: 50.95954174175173
    L18 c1.0: 1.7610613687886953
    L18 c1.5: 9.443412279509618
    L18 c2.0: 38.17351451721114
    L21 c1.0: 0.8364219770074568
    L21 c1.5: 4.6263503663250285
    L21 c2.0: 17.314691763287147
    L24 c1.0: 0.4680931078529287
    L24 c1.5: 2.9091038175421295
    L24 c2.0: 8.898186950426874
sycophantic: selected layer=14 (coef 2.0, gpt_trait_mean=51.07)
    L14 c1.0: 13.713485431779997
    L14 c1.5: 29.97261397799562
    L14 c2.0: 51.07213417472037
    L18 c1.0: 13.671549364731804
    L18 c1.5: 20.602300401763852
    L18 c2.0: 35.13118550805329
    L21 c1.0: 9.85933616805076
    L21 c1.5: 12.641413421672189
    L21 c2.0: 14.335165766549926
    L24 c1.0: 7.88185919337574
    L24 c1.5: 8.689208244066982
    L24 c2.0: 8.971635704830335
hallucinating: selected layer=14 (coef 2.0, gpt_trait_mean=83.01)
    L14 c1.0: 79.02362593239148
    L14 c1.5: 81.75736699917917
    L14 c2.0: 83.01168773309428
    L18 c1.0: 77.96192688183531
    L18 c1.5: 78.21305099183824
    L18 c2.0: 81.2033799847746
    L21 c1.0: 71.5394036203988
    L21 c1.5: 76.36103636306824
    L21 c2.0: 75.73487355166581
    L24 c1.0: 66.86953504459329
    L24 c1.5: 69.80038531885754
    L24 c2.0: 73.21661066047662
wrote sel_layer.json: {'evil': 14, 'sycophantic': 14, 'hallucinating': 14}
