evil: selected layer=21 (coef 2.0, gpt_trait_mean=85.24)
    L14 c1.0: 44.70467604819592
    L14 c1.5: 75.84509923150351
    L14 c2.0: 83.61398089477382
    L18 c1.0: 32.9221275977741
    L18 c1.5: 75.08307879330383
    L18 c2.0: 81.15513458375334
    L21 c1.0: 14.69915218297312
    L21 c1.5: 74.75003976757085
    L21 c2.0: 85.2433459444354
    L24 c1.0: 1.1875265255117022
    L24 c1.5: 28.77723440004637
    L24 c2.0: 64.33051400153731
sycophantic: selected layer=18 (coef 2.0, gpt_trait_mean=94.63)
    L14 c1.0: 36.895834839109305
    L14 c1.5: 76.8468929801554
    L14 c2.0: 89.99490744473167
    L18 c1.0: 38.26465996743818
    L18 c1.5: 78.15081060148783
    L18 c2.0: 94.627775728757
    L21 c1.0: 17.315566745526425
    L21 c1.5: 59.09261672115905
    L21 c2.0: 89.82460198479565
    L24 c1.0: 9.916518070703086
    L24 c1.5: 22.611170314901038
    L24 c2.0: 68.19384951429653
hallucinating: selected layer=18 (coef 2.0, gpt_trait_mean=99.06)
    L14 c1.0: 60.05707960508548
    L14 c1.5: 83.56423398031023
    L14 c2.0: 92.18888710970968
    L18 c1.0: 51.62772376825872
    L18 c1.5: 88.3490220772942
    L18 c2.0: 99.05865187157224
    L21 c1.0: 52.551439530685165
    L21 c1.5: 76.2708163850633
    L21 c2.0: 96.8730786909358
    L24 c1.0: 44.79869307105267
    L24 c1.5: 65.32845667304676
    L24 c2.0: 94.81880853217044
wrote sel_layer.json: {'evil': 21, 'sycophantic': 18, 'hallucinating': 18}
